
==========================================================================
FULL 2024 BACKTEST (Delta India, daily-expiry BTC short straddle, Premium<=15, 10 lots, 5% slippage)   2024-02-15 -> 2024-12-31   (321 days)
==========================================================================
date        status                   spot  liq   cheapC   cheapP      pnl$
2024-02-15  no_quotes             51771.0    0        -        -    0.0000
2024-02-16  no_quotes             51910.0    0        -        -    0.0000
2024-02-17  no_quotes             52150.5    0        -        -    0.0000
2024-02-18  no_quotes             51676.5    0        -        -    0.0000
2024-02-19  no_quotes             52179.0    0        -        -    0.0000
2024-02-20  no_spot                     -    0        -        -    0.0000
2024-02-21  no_spot                     -    0        -        -    0.0000
2024-02-22  no_quotes             51848.0    0        -        -    0.0000
2024-02-23  no_quotes             51303.5    0        -        -    0.0000
2024-02-24  no_quotes             50744.5    0        -        -    0.0000
2024-02-25  no_quotes             51566.5    0        -        -    0.0000
2024-02-26  no_quotes             51746.0    0        -        -    0.0000
2024-02-27  no_quotes             54513.0    0        -        -    0.0000
2024-02-28  no_quotes             57071.0    0        -        -    0.0000
2024-02-29  no_quotes             62431.5    0        -        -    0.0000
2024-03-01  no_quotes             61239.0    0        -        -    0.0000
2024-03-02  no_quotes             62459.5    0        -        -    0.0000
2024-03-03  no_quotes             62006.0    0        -        -    0.0000
2024-03-04  no_quotes             63205.5    0        -        -    0.0000
2024-03-05  no_quotes             68231.0    0        -        -    0.0000
2024-03-06  no_quotes             63798.5    0        -        -    0.0000
2024-03-07  no_quotes             66081.5    0        -        -    0.0000
2024-03-08  no_quotes             66839.5    0        -        -    0.0000
2024-03-09  no_quotes             68170.5    0        -        -    0.0000
2024-03-10  no_quotes             68374.0    0        -        -    0.0000
2024-03-11  no_quotes             68956.0    0        -        -    0.0000
2024-03-12  no_quotes             72180.0    0        -        -    0.0000
2024-03-13  no_quotes             71496.0    0        -        -    0.0000
2024-03-14  no_quotes             73045.0    0        -        -    0.0000
2024-03-15  no_quotes             71476.5    0        -        -    0.0000
2024-03-16  no_quotes             69481.5    0        -        -    0.0000
2024-03-17  no_fill_both          65537.0    2    299.0        -    0.0000
2024-03-18  no_quotes             68371.0    0        -        -    0.0000
2024-03-19  no_fill_both          67604.5    1        -    249.0    0.0000
2024-03-20  no_quotes             62014.0    0        -        -    0.0000
2024-03-21  no_quotes             67886.0    0        -        -    0.0000
2024-03-22  no_quotes             65513.0    0        -        -    0.0000
2024-03-23  no_quotes             63724.5    0        -        -    0.0000
2024-03-24  no_fill_both          63995.5    1        -    344.0    0.0000
2024-03-25  no_quotes             67314.0    0        -        -    0.0000
2024-03-26  no_quotes             69920.0    0        -        -    0.0000
2024-03-27  no_fill_both          70015.0    2     28.0        -    0.0000
2024-03-28  no_quotes             69572.0    0        -        -    0.0000
2024-03-29  no_fill_both          70833.0    3   1936.0     55.0    0.0000
2024-03-30  no_fill_both          69863.5    2    179.0     39.0    0.0000
2024-03-31  no_fill_both          69607.5    1        -    309.0    0.0000
2024-04-01  no_fill_both          71283.5    2    506.0        -    0.0000
2024-04-02  no_fill_P             69684.0    2      3.0    169.0    0.0000
2024-04-03  no_fill_both          65533.5    3     21.0    853.0    0.0000
2024-04-04  no_fill_both          65980.0    2     73.0    490.0    0.0000
2024-04-05  no_fill_both          68512.0    4    240.0     16.0    0.0000
2024-04-06  no_fill_both          67879.5    2        -     16.0    0.0000
2024-04-07  no_fill_both          68987.0    5     97.0     49.0    0.0000
2024-04-08  no_fill_both          69355.0    1    276.0        -    0.0000
2024-04-09  no_fill_both          71654.5    3    241.0     32.0    0.0000
2024-04-10  no_fill_P             69156.0    5      5.0    100.0    0.0000
2024-04-11  no_fill_both          70600.0    4        -     36.0    0.0000
2024-04-12  TRADED                70019.0    8      2.0      9.0    0.1024
2024-04-13  no_fill_both          67100.0    4     21.0   1935.0    0.0000
2024-04-14  no_fill_both          63998.5    7     32.0    230.0    0.0000
2024-04-15  no_fill_both          65541.5    7    100.0    156.0    0.0000
2024-04-16  no_fill_both          63356.0    5     71.0     22.0    0.0000
2024-04-17  no_fill_both          63821.5    3    379.0     37.0    0.0000
2024-04-18  no_fill_P             61291.5    7      5.0     21.0    0.0000
2024-04-19  TRADED                63432.5    8      8.0      2.0    0.2154
2024-04-20  no_fill_P             63823.5    7      1.2     83.0    0.0000
2024-04-21  no_fill_both          64892.0    4    240.0     21.0    0.0000
2024-04-22  no_fill_both          64956.5    4    446.0     47.0    0.0000
2024-04-23  no_fill_both          66806.5    5    315.0     42.0    0.0000
2024-04-24  no_fill_C             66493.5    5     34.0      2.6    0.0000
2024-04-25  no_fill_P             64247.0    5     13.0    209.0    0.0000
2024-04-26  no_fill_P             64545.5    5      2.0     51.0    0.0000
2024-04-27  no_fill_P             63790.0    7      3.0     40.0    0.0000
2024-04-28  no_fill_C             63496.5    3     70.0      6.0    0.0000
2024-04-29  no_fill_both          63010.0    4    109.0    250.0    0.0000
2024-04-30  no_fill_both          63850.0    3    243.0     18.0    0.0000
2024-05-01  no_fill_P             60771.5    3      4.0    177.0    0.0000
2024-05-02  no_fill_both          58354.5    4    210.0    236.0    0.0000
2024-05-03  no_fill_C             59072.0    6     28.0      2.0    0.0000
2024-05-04  no_fill_both          62827.0    4    949.0     26.0    0.0000
2024-05-05  no_fill_both          64000.0    5     54.0     42.0    0.0000
2024-05-06  no_fill_C             64040.5    4     43.0      6.0    0.0000
2024-05-07  no_fill_both          63169.5    2     26.0        -    0.0000
2024-05-08  no_fill_P             62370.5    4      9.0    720.0    0.0000
2024-05-09  no_fill_P             61213.0    6      0.1    212.0    0.0000
2024-05-10  TRADED                63100.5    8     15.0      2.0    0.1690
2024-05-11  no_fill_P             60838.5    3      8.0     45.0    0.0000
2024-05-12  no_fill_both          60807.5    5     23.0     40.0    0.0000
2024-05-13  no_fill_C             61527.0    4   3513.0      2.0    0.0000
2024-05-14  no_fill_both          62933.5    3    221.0     42.0    0.0000
2024-05-15  no_fill_both          61593.0    4     34.0     26.0    0.0000
2024-05-16  no_fill_C             66288.0    8    205.0     14.0    0.0000
2024-05-17  no_fill_both          65286.5    3     26.0    200.0    0.0000
2024-05-18  no_fill_both          66921.0    5     32.0     45.0    0.0000
2024-05-19  no_fill_C             66979.5    3     29.0      3.0    0.0000
2024-05-20  no_fill_both          66282.0    2     86.0    240.0    0.0000
2024-05-21  no_fill_C             71523.5    9    279.0      3.0    0.0000
2024-05-22  no_fill_both          70213.0    3     18.0    357.0    0.0000
2024-05-23  no_fill_both          69242.0    4     53.0    196.0    0.0000
2024-05-24  no_fill_C             67951.5    5     98.0     15.0    0.0000
2024-05-25  TRADED                68592.0    7     14.0      2.0    0.1499
2024-05-26  no_fill_C             69324.0    3     51.0      8.0    0.0000
2024-05-27  no_fill_both          68532.5    1        -    614.0    0.0000
2024-05-28  no_fill_both          69428.5    4     26.0     22.0    0.0000
2024-05-29  no_fill_both          68443.5    4    559.0    174.0    0.0000
2024-05-30  no_fill_P             67671.5    3     10.0    400.0    0.0000
2024-05-31  no_fill_P             68399.0    6      3.0     65.0    0.0000
2024-06-01  no_fill_P             67602.5    3      3.0        -    0.0000
2024-06-02  no_fill_both          67786.0    3     75.0    305.0    0.0000
2024-06-03  no_fill_P             67777.0    4     10.0     37.0    0.0000
2024-06-04  no_fill_C             68830.0    5     35.0      2.0    0.0000
2024-06-05  no_fill_both          70613.5    2     45.0        -    0.0000
2024-06-06  no_fill_both          71173.5    4     96.0     27.0    0.0000
2024-06-07  no_fill_P             70800.0    7      4.0     23.0    0.0000
2024-06-08  TRADED                69328.5    2      3.0     10.0    0.1214
2024-06-09  no_fill_both          69319.0    1        -     58.0    0.0000
2024-06-10  no_fill_both          69650.0    4    114.0     19.0    0.0000
2024-06-11  no_fill_C             69544.0    2     82.0     10.0    0.0000
2024-06-12  no_fill_P             67312.5    6      6.0     33.0    0.0000
2024-06-13  no_fill_P             68303.5    8      2.0     25.0    0.0000
2024-06-14  no_fill_C             66850.0    4     17.0     13.0    0.0000
2024-06-15  TRADED                66062.5    7      0.1      3.0    0.1223
2024-06-16  no_fill_both          66202.5    2     21.0        -    0.0000
2024-06-17  no_fill_both          66684.0    2    781.0     78.0    0.0000
2024-06-18  no_fill_C             66523.0    4    107.0      3.0    0.0000
2024-06-19  no_fill_both          65173.0    5     65.0     56.0    0.0000
2024-06-20  no_fill_P             64973.0    7      1.0     44.0    0.0000
2024-06-21  TRADED                64901.0    9      0.1      9.0    0.1404
2024-06-22  no_fill_C             64177.0    4     33.0      2.0    0.0000
2024-06-23  no_fill_both          64281.0    2    330.0    648.0    0.0000
2024-06-24  no_fill_P             63228.5    8      3.0    100.0    0.0000
2024-06-25  no_fill_P             60256.0    5      3.0    233.0    0.0000
2024-06-26  no_fill_C             61806.0    6     46.0      3.0    0.0000
2024-06-27  TRADED                60879.0    5      1.0      5.0    0.0739
2024-06-28  no_fill_P             61699.5    6      1.0     52.0    0.0000
2024-06-29  no_fill_P             60462.5    5      2.2     40.0    0.0000
2024-06-30  no_quotes             61012.5    0        -        -    0.0000
2024-07-01  no_fill_both          62823.0    6     34.0     32.0    0.0000
2024-07-02  no_fill_C             62930.5    5    274.0      2.0    0.0000
2024-07-03  no_fill_both          62144.0    2    303.0    130.0    0.0000
2024-07-04  no_fill_P             60263.0    4      0.1    119.0    0.0000
2024-07-05  no_fill_P             57189.0   11      0.2     54.0    0.0000
2024-07-06  TRADED                56600.0    5      1.0      3.0    0.0929
2024-07-07  no_fill_both          58208.0    6     22.0     34.0    0.0000
2024-07-08  no_fill_P             55907.5    9     14.0    197.0    0.0000
2024-07-09  no_fill_C             56684.0    7     48.0      4.5    0.0000
2024-07-10  TRADED                58021.5    6     14.0      0.2    0.1328
2024-07-11  TRADED                57673.5    9      9.0      2.0    0.1499
2024-07-12  TRADED                57369.0    6      0.5      2.8    0.0857
2024-07-13  no_fill_C             57934.0    5     19.0      3.0    0.0000
2024-07-14  no_fill_C             59226.0    7     40.6     14.0    0.0000
2024-07-15  no_fill_both          60774.0    7     62.7     16.0    0.0000
2024-07-16  no_fill_C             64741.0    9     71.0      1.0    0.0000
2024-07-17  no_fill_C             64987.5    8    119.0      2.0    0.0000
2024-07-18  no_fill_C             64151.0    9     25.0      5.0    0.0000
2024-07-19  no_fill_P             63993.5    8     14.4     35.0    0.0000
2024-07-20  no_fill_C             66720.0    5     25.0      3.0    0.0000
2024-07-21  no_fill_both          67174.5    5     87.0     18.0    0.0000
2024-07-22  no_fill_both          68219.0    7     75.0     19.0    0.0000
2024-07-23  no_fill_both          67549.0    4     23.0    165.0    0.0000
2024-07-24  no_fill_both          65927.0    4     93.0    284.0    0.0000
2024-07-25  no_fill_P             65454.0    8      2.0     36.0    0.0000
2024-07-26  TRADED                65826.5   15      0.3      0.1    0.2069
2024-07-27  no_fill_C             67923.5    7     17.0      0.2    0.0000
2024-07-28  no_fill_P             67798.0    8      6.0     41.0    0.0000
2024-07-29  no_fill_C             68258.5    8    101.0     10.0    0.0000
2024-07-30  no_fill_P             66847.0    7      4.0    130.0    0.0000
2024-07-31  no_fill_P             66187.0    5     15.0    305.0    0.0000
2024-08-01  no_fill_P             64661.5    7      6.0    124.0    0.0000
2024-08-02  TRADED                65401.5    9      1.0      3.0    0.0149
2024-08-03  no_fill_P             61542.0    7      4.0    155.0    0.0000
2024-08-04  no_fill_both          60670.5    2     46.0    538.0    0.0000
2024-08-05  no_fill_P             58197.5   12      7.0    159.0    0.0000
2024-08-06  TRADED                53998.5   12      0.6      2.0    0.1271
2024-08-07  no_fill_P             56073.0   10      6.0    283.0    0.0000
2024-08-08  TRADED                55121.5    8      9.0      7.0    0.1089
2024-08-09  TRADED                61625.5   21      2.0      1.1    0.1025
2024-08-10  no_fill_both          60780.5    6     57.0     17.0    0.0000
2024-08-11  no_fill_C             60921.5    5     43.0      7.0    0.0000
2024-08-12  no_fill_both          58728.0   10     27.0    229.0    0.0000
2024-08-13  no_fill_C             59321.5    7     21.0      8.0    0.0000
2024-08-14  no_fill_both          60570.0    4    190.0    196.0    0.0000
2024-08-15  no_fill_P             58765.0    7      7.0    100.0    0.0000
2024-08-16  no_fill_P             57501.0   10      3.0     42.0    0.0000
2024-08-17  no_fill_C             58869.5    5     32.0      4.0    0.0000
2024-08-18  no_fill_both          59460.5    4     65.0     63.0    0.0000
2024-08-19  no_fill_both          58430.0    9     22.0     38.0    0.0000
2024-08-20  no_fill_C             59419.5    6     21.0      6.0    0.0000
2024-08-21  no_fill_C             59056.0    7     29.0      5.0    0.0000
2024-08-22  TRADED                61167.0    9     10.5      0.1    0.2211
2024-08-23  TRADED                60367.0    7      3.0     11.0    0.2027
2024-08-24  TRADED                64086.5    9     14.0      3.0    0.1974
2024-08-25  TRADED                64119.0    8     10.0      0.5    0.0672
2024-08-26  no_fill_both          64253.0    9     43.0     20.0    0.0000
2024-08-27  no_fill_P             62851.5    5      3.0    391.0    0.0000
2024-08-28  no_fill_P             59374.5    8      5.0    123.0    0.0000
2024-08-29  no_fill_both          59012.0    4     81.0     70.0    0.0000
2024-08-30  TRADED                59337.0   11      0.2     15.0    0.1974
2024-08-31  TRADED                59104.5    6      9.0      5.0    0.1309
2024-09-01  no_fill_both          58957.5    3    170.0     20.0    0.0000
2024-09-02  no_fill_both          57353.0    7     49.0     81.0    0.0000
2024-09-03  no_fill_both          59139.0    4     38.0     38.0    0.0000
2024-09-04  no_fill_C             57484.5    6     36.0     13.0    0.0000
2024-09-05  no_fill_C             57994.0    5    308.0     11.0    0.0000
2024-09-06  TRADED                56187.5    9     10.0      5.1    0.1413
2024-09-07  no_fill_C             53927.5    4     47.0     13.0    0.0000
2024-09-08  no_fill_both          54175.5    3     24.0    181.0    0.0000
2024-09-09  no_fill_C             54812.5    7     16.0     11.0    0.0000
2024-09-10  no_fill_C             57023.5    8     54.0      4.0    0.0000
2024-09-11  no_fill_both          57656.5    6     17.0     82.0    0.0000
2024-09-12  no_fill_both          57353.0    3    104.0    177.0    0.0000
2024-09-13  TRADED                58129.5    6      2.0      2.0    0.0359
2024-09-14  no_fill_C             60502.5    6     69.0      4.0    0.0000
2024-09-15  no_fill_C             59987.5    4    209.0      0.7    0.0000
2024-09-16  no_fill_both          59113.0    6     77.0     82.0    0.0000
2024-09-17  no_fill_both          58202.5    5     60.0     26.0    0.0000
2024-09-18  no_fill_C             60325.0    5    102.0      0.1    0.0000
2024-09-19  no_fill_C             61724.5   14     31.0      3.0    0.0000
2024-09-20  TRADED                62989.5    6     12.0      5.0    0.1594
2024-09-21  no_fill_C             63191.0    4    321.0      3.0    0.0000
2024-09-22  no_fill_both          63390.5    3     57.0     65.0    0.0000
2024-09-23  no_fill_P             63563.5    4      1.1    157.0    0.0000
2024-09-24  no_fill_P             63356.0    6      6.0     20.0    0.0000
2024-09-25  TRADED                64284.5    6     11.0      7.0    0.1689
2024-09-26  no_fill_both          63124.0    3     47.0    199.0    0.0000
2024-09-27  TRADED                65158.5   11      0.5      4.0    0.1594
2024-09-28  TRADED                65821.0    6     12.0      2.0    0.1647
2024-09-29  no_fill_both          65861.5    3    100.0    263.0    0.0000
2024-09-30  no_fill_both          65585.0    2    120.0    612.0    0.0000
2024-10-01  no_fill_P             63446.0    5      3.0    145.0    0.0000
2024-10-02  no_fill_P             60804.5    5      8.0    147.0    0.0000
2024-10-03  no_fill_P             60661.5    7      2.9    104.0    0.0000
2024-10-04  TRADED                60767.0    9     15.0      0.1    0.1774
2024-10-05  TRADED                62095.5    8      0.2      1.5    0.2640
2024-10-06  no_fill_both          62075.5    2    232.0    152.0    0.0000
2024-10-07  no_fill_both          62811.5    4     41.0     33.0    0.0000
2024-10-08  TRADED                62257.5    9     12.0      5.0    0.1426
2024-10-09  TRADED                62165.0    7      1.0      8.0    0.0823
2024-10-10  no_fill_both          60682.5    5     25.0    106.0    0.0000
2024-10-11  TRADED                60300.0    9      2.0      0.3    0.1678
2024-10-12  TRADED                62537.0    6     11.0      0.4    0.1214
2024-10-13  no_fill_C             63250.0    2        -      0.1    0.0000
2024-10-14  no_fill_both          62864.5    4     33.0    463.0    0.0000
2024-10-15  no_fill_C             66108.0    2        -     10.0    0.0000
2024-10-16  no_fill_both          67145.0    5     80.0     28.0    0.0000
2024-10-17  no_fill_P             67647.5    6     11.0     24.0    0.0000
2024-10-18  no_fill_P             67365.0    5      3.0        -    0.0000
2024-10-19  no_fill_P             68428.5    4      9.0     53.0    0.0000
2024-10-20  no_fill_P             68386.5    4      5.9     27.0    0.0000
2024-10-21  no_fill_both          69027.5    4    100.0     41.0    0.0000
2024-10-22  no_fill_P             67388.5    4      5.0     20.0    0.0000
2024-10-23  TRADED                67429.5    5      4.0     13.0    0.2164
2024-10-24  no_fill_P             66701.5    4      2.0     94.0    0.0000
2024-10-25  TRADED                68253.0    7      0.1      2.0    0.0718
2024-10-26  no_fill_both          66758.0    4     27.0    130.0    0.0000
2024-10-27  no_fill_both          67114.5    3    238.0     21.0    0.0000
2024-10-28  no_fill_P             68065.0    6     13.0     37.0    0.0000
2024-10-29  no_fill_C             69957.0    5     39.0     13.6    0.0000
2024-10-30  no_fill_both          72769.0    3     63.0     16.0    0.0000
2024-10-31  no_fill_C             72415.0    4     24.0     10.0    0.0000
2024-11-01  no_fill_C             70360.0    5     23.0      3.0    0.0000
2024-11-02  TRADED                69526.0    6      3.0      8.0    0.1784
2024-11-03  no_fill_P             69355.5    4      1.0     99.0    0.0000
2024-11-04  no_fill_both          68743.5    6     72.0     23.0    0.0000
2024-11-05  no_fill_P             67829.0    5      5.5    100.0    0.0000
2024-11-06  no_fill_both          69427.5    9    383.0    207.0    0.0000
2024-11-07  no_fill_C             75617.5   11     35.8      2.0    0.0000
2024-11-08  TRADED                75926.0   13      5.0      2.0    0.1689
2024-11-09  TRADED                76475.5    7      5.0      5.0    0.0929
2024-11-10  no_fill_both          76694.0    4     21.0     78.0    0.0000
2024-11-11  no_fill_both          80387.5    6    262.0     60.0    0.0000
2024-11-12  no_fill_C             88888.5   19    355.0      2.9    0.0000
2024-11-13  no_fill_C             87961.5   14    157.0      0.1    0.0000
2024-11-14  no_fill_C             90464.0   14     26.0      4.0    0.0000
2024-11-15  no_fill_both          87322.5   14     40.0     19.0    0.0000
2024-11-16  TRADED                91156.0   11      8.0     10.1    0.1499
2024-11-17  no_fill_both          90681.0    3    302.0     44.0    0.0000
2024-11-18  no_fill_both          89854.0    8    100.1    101.0    0.0000
2024-11-19  no_fill_C             90514.0    9     32.0      6.0    0.0000
2024-11-20  no_fill_both          92350.0    7     37.0     32.0    0.0000
2024-11-21  TRADED                94291.0    9     14.0     12.0    0.1850
2024-11-22  no_fill_C             98450.0   17     44.0      6.0    0.0000
2024-11-23  no_fill_C             98909.0   12     25.0      2.0    0.0000
2024-11-24  no_fill_both          97680.0    7     40.0     26.0    0.0000
2024-11-25  no_fill_both          97987.0    6    626.0     64.0    0.0000
2024-11-26  no_fill_P             93022.0   12      3.0    400.0    0.0000
2024-11-27  no_fill_P             92100.0   11     11.0    125.5    0.0000
2024-11-28  no_fill_both          95875.5    9     27.0     21.0    0.0000
2024-11-29  TRADED                95741.0   10      5.0      7.0    0.2027
2024-11-30  TRADED                97492.5    8      3.0      0.6    0.0929
2024-12-01  no_fill_P             96440.0    4      6.0     27.0    0.0000
2024-12-02  no_fill_both          97306.5   11     48.0     20.0    0.0000
2024-12-03  no_fill_both          95879.5    6     40.0     76.0    0.0000
2024-12-04  no_fill_P             96036.0    8      5.0     56.0    0.0000
2024-12-05  no_fill_C             98710.5   11    155.0      3.0    0.0000
2024-12-06  no_fill_P             97042.5   27      0.3     64.0    0.0000
2024-12-07  no_fill_C             99871.0    9    140.0      9.0    0.0000
2024-12-08  no_fill_C             99944.5    8     52.0      1.1    0.0000
2024-12-09  no_fill_both         101299.5    9     70.0     18.0    0.0000
2024-12-10  no_fill_both          97360.5    8     89.0    179.0    0.0000
2024-12-11  no_fill_C             96625.5   10     22.0     10.0    0.0000
2024-12-12  no_fill_both         101153.5    5     94.0    228.0    0.0000
2024-12-13  TRADED                99940.5   17      0.1      1.9    0.1404
2024-12-14  no_fill_C            101400.0    8     50.0      0.4    0.0000
2024-12-15  no_fill_both         101329.0    4    154.0     61.8    0.0000
2024-12-16  no_fill_both         104508.0   13    370.0     79.0    0.0000
2024-12-17  no_fill_C            106042.5   11     20.0      2.0    0.0000
2024-12-18  TRADED               106098.0    9      5.0     10.0    0.1341
2024-12-19  no_fill_P            100312.5   12      1.1    150.0    0.0000
2024-12-20  TRADED                97650.0   21      0.4      0.1    0.1033
2024-12-21  TRADED                97663.0   15      2.1      4.0    0.2354
2024-12-22  no_fill_C             97278.0    7    524.0      5.0    0.0000
2024-12-23  no_fill_both          95128.5    8    109.0     42.0    0.0000
2024-12-24  no_fill_P             94788.0   13     10.0    128.0    0.0000
2024-12-25  no_fill_C             98667.0   11    157.0      1.0    0.0000
2024-12-26  no_fill_C             99469.5   11    334.0      2.0    0.0000
2024-12-27  TRADED                95754.5   18      3.0      0.1    0.0759
2024-12-28  no_fill_both          94280.5    6     16.0     41.0    0.0000
2024-12-29  TRADED                95227.5   10      8.5      0.3    0.0815
2024-12-30  no_fill_both          93649.5    9     72.0    142.0    0.0000
2024-12-31  no_fill_both          92744.5    8     44.0     45.0    0.0000

  days scanned      : 321
  days TRADED       : 50
  days no_fill_C         : 62
  days no_fill_P         : 60
  days no_fill_both      : 109
  days no_quotes         : 38
  days no_spot           : 2
  win rate          : 50/50 = 100.0%
  TOTAL PnL         : $7.05   (= INR 599 @85)
